ExpansionTraderIrena.DV_Food|516.034302 200.764694 7938.215332|-9.000011 0.000634 -0.000360|CargoPants_Black,Shirt_BlueCheckBright,SurgicalGloves_Blue,BaseballCap_Blue,AthleticShoes_Blue,CivilianBelt,DryBag_Blue
ExpansionTraderJudy.DV_Drinks|517.866943 200.764664 7941.173340|-107.999992 -0.000191 0.000242|CowboyHat_Brown,Shirt_RedCheck,Jeans_Blue,WorkingBoots_Brown
ExpansionTraderEva.DV_Farming|568.537659 199.192673 7927.215332|-108.147881 0.000742 0.000071|StrawHat,TShirt_Green,CargoPants_Beige,WorkingGloves_Black,WorkingBoots_Brown
ExpansionTraderBoris.DV_Clothing|560.241943 201.485413 7938.710449|-0.000000 0.014681 -0.029021|SurgicalMask,FlatCap_BlackCheck,DressShoes_Brown,CivilianBelt,SlacksPants_Blue,ManSuit_Blue
ExpansionTraderManua.DV_Ammo|497.300507 202.925522 7900.290527|-108.002029 -0.001005 0.000775|TTSKOJacket_Camo,GorkaPants_Flat,MilitaryBelt,MilitaryBoots_Black
ExpansionTraderHassan.DV_Guns|492.237915 202.925522 7901.939941|161.999969 -0.000216 -0.000110|CargoPants_Green,M65Jacket_Khaki,UKAssVest_Black,WorkingGloves_Black,AviatorGlasses,PilotkaCap,TTSKOBoots,AssaultBag_Black
ExpansionTraderBaty.DV_BaseBuilding|568.066284 198.477112 7906.948730|125.999664 0.000000 -0.000000|QuiltedJacket_Grey,ParamedicPants_Blue,ReflexVest,NioshFaceMask,NBCGlovesGray,FlatCap_Blue,HikingBootsLow_Blue,MountainBag_Blue
ExpansionTraderFrancis.DV_Vehicles|522.229309 198.552856 7883.860840|-18.000002 -0.000115 -0.000142|SurgicalMask,WorkingBoots_Brown,BaseballCap_Beige,ReflexVest,QuiltedJacket_Grey,CargoPants_Grey
ExpansionTraderCyril.DV_VehicleParts|527.828430 198.156677 7890.807129|0.000000 -0.000342 0.000640|SurgicalMask,WorkingBoots_Brown,BaseballCap_Beige,ReflexVest,QuiltedJacket_Grey,CargoPants_Grey
ExpansionTraderRolf.DV_Hunting|503.751617 198.885284 7885.103516|0.000000 -0.000256 -0.000000|HunterPants_Spring,HuntingJacket_Summer,Balaclava3Holes_Black,CowboyHat_black,CombatBoots_Green,MilitaryBelt,HuntingBag,Armband_Black
ExpansionTraderKaito.DV_BlackMarket|494.770000 202.925522 7903.200000|161.999969 0.000000 -0.000000|GorkaPants_Flat,GorkaEJacket_Flat,UKAssVest_Black,BalaclavaMask_Black,WorkingGloves_Black,AviatorGlasses,BoonieHat_DPM,TTSKOBoots,AssaultBag_Black,Expansion_BenelliM4
ExpansionTraderPeter.DV_Medical|514.200000 200.764694 7936.500000|-9.000011 0.000000 -0.000000|MilitaryBoots_Black,ParamedicPants_Crimson,SurgicalMask,SurgicalGloves_Green,ParamedicJacket_Crimson,MountainBag_Red
