ExpansionP2PTraderNaomi|6005.168945 392.563477 3947.811035|-81.000366 0.181265 0.028708|QuiltedJacket_Violet,Breeches_Beetcheck,SurgicalGloves_White,ThinFramesGlasses,BaseballCap_Pink,JoggingShoes_Violet,TaloonBag_Violet
ExpansionTraderBaty.DV_BaseBuilding|6004.267578 392.559998 3952.315186|-144.000031 0.000000 -0.000000|QuiltedJacket_Grey,ParamedicPants_Blue,ReflexVest,NioshFaceMask,NBCGlovesGray,FlatCap_Blue,HikingBootsLow_Blue,MountainBag_Blue
ExpansionTraderBoris.DV_Clothing|5989.549316 392.649994 3970.812256|90.000000 0.000000 -0.000000|SurgicalMask,FlatCap_BlackCheck,DressShoes_Brown,CivilianBelt,SlacksPants_Blue,ManSuit_Blue
ExpansionTraderCyril.DV_VehicleParts|5969.929199 393.872925 3988.762451|144.125198 -1.341730 -1.855910|SurgicalMask,WorkingBoots_Brown,BaseballCap_Beige,ReflexVest,QuiltedJacket_Grey,CargoPants_Grey
ExpansionTraderEva.DV_Farming|5994.321289 392.770020 3980.042725|-90.015884 0.458325 -0.733194|StrawHat,TShirt_Green,CargoPants_Beige,WorkingGloves_Black,WorkingBoots_Brown
ExpansionTraderFrancis.DV_Vehicles|5966.032715 394.114594 3990.140137|134.937256 -2.967811 2.978344|SurgicalMask,WorkingBoots_Brown,BaseballCap_Beige,ReflexVest,QuiltedJacket_Grey,CargoPants_Grey
ExpansionTraderHassan.DV_Guns|5995.033691 392.661316 3976.415283|-90.000000 -0.000000 -0.000000|GorkaPants_Flat,GorkaEJacket_Flat,UKAssVest_Black,BalaclavaMask_Black,WorkingGloves_Black,AviatorGlasses,BoonieHat_DPM,TTSKOBoots,AssaultBag_Black,Expansion_BenelliM4
ExpansionTraderIrena.DV_Food|5989.514160 392.635010 3961.459473|135.010559 -0.583408 0.583223|CargoPants_Black,Shirt_BlueCheckBright,SurgicalGloves_Blue,BaseballCap_Blue,AthleticShoes_Blue,CivilianBelt,DryBag_Blue
ExpansionTraderJudy.DV_Drinks|5992.706543 392.635620 3961.501709|-161.978287 -0.784418 -0.255218|CowboyHat_Brown,Shirt_RedCheck,Jeans_Blue,WorkingBoots_Brown
ExpansionTraderManua.DV_Ammo|5995.152832 392.649994 3970.956299|-90.000000 -0.000000 -0.000000|CargoPants_Green,M65Jacket_Khaki,HighCapacityVest_Black,Balaclava3Holes_Green,WorkingGloves_Black,BaseballCap_Black,TTSKOBoots,HuntingBag,M4A1_Black
ExpansionTraderPeter.DV_Medical|5989.438965 392.688904 3976.215332|88.199982 0.000000 -0.000000|MedicalScrubsHats_Blue,SurgicalMask,MedicalScrubsShirt_Blue,MedicalScrubsPants_Blue,SurgicalGloves_White,AthleticShoes_Blue
ExpansionTraderRolf.DV_Hunting|5994.118652 392.961853 3997.349121|-117.000000 -0.000000 -0.000000|HunterPants_Spring,HuntingJacket_Summer,CowboyHat_black,CombatBoots_Green,MilitaryBelt,HuntingBag
